node.exe : FAIL src/tests/integration/services/c
reate.task.test.ts
At line:1 char:1
+ & "C:\Program Files\nodejs/node.exe" 
"C:\Program Files\nodejs/node_mo ...
+ ~~~~~~~~~~~~~~~~~~~~~~~~~~~~~~~~~~~~~~~~~~~~~~
~~~~~~~~~~~~~~~~~~~~~~~
    + CategoryInfo          : NotSpecified: (FA 
   IL src/tests/...te.task.test.ts:String) [],  
   RemoteException
    + FullyQualifiedErrorId : NativeCommandErro 
   r
 
  Create Task
    ├ù should create a new task and create a 
routine (112 ms)

  ΓùÅ Create Task ΓÇ║ should create a new task 
and create a routine

    PrismaClientKnownRequestError: 
    Invalid `prisma.routine.create()` 
invocation in
    C:\Users\Administrator\Desktop\beckend-brain
\src\modules\routine\repositories\routine.reposi
tory.ts:8:46

      5 
      6 export const RoutineRepository: 
IRoutineRepository = {
      7     async save(routine: RoutineDomain): 
Promise<RoutineResponse> {
    ΓåÆ 8         const created = await 
prisma.routine.create(
    Foreign key constraint violated on the 
foreign key

    [0m [90m 67 |[39m [32m[39m
     [90m 68 |[39m [32mMore Information: 
https://pris.ly/d/execute-raw[39m
    [31m[1m>[22m[39m[90m 69 |[39m 
[32m`[39m)}[36mvar[39m ei[33m=[39m({client
Method[33m:[39me[33m,[39mactiveProvider[33m
:[39mt})[33m=>[39mr[33m=>[39m{[36mlet[39m
 n[33m=[39m[32m""[39m[33m,[39mi[33m;[39m
[36mif[39m(lr(r))n[33m=[39mr[33m.[39msql[
33m,[39mi[33m=[39m{values[33m:[39m[33mKe[
39m(r[33m.[39mvalues)[33m,[39m__prismaRawPar
ameters__[33m:[39m[33m![39m[35m0[39m}[33m
;[39m[36melse[39m [36mif[39m([33mArray[39
m[33m.[39misArray(r)){[36mlet[39m[o[33m,[3
9m[33m...[39ms][33m=[39mr[33m;[39mn[33m=
[39mo[33m,[39mi[33m=[39m{values[33m:[39m[
33mKe[39m(s[33m||[39m[])[33m,[39m__prismaRa
wParameters__[33m:[39m[33m![39m[35m0[39m}}
[36melse[39m [36mswitch[39m(t){[36mcase[39
m[32m"sqlite"[39m[33m:[39m[36mcase[39m[32
m"mysql"[39m[33m:[39m{n[33m=[39mr[33m.[39
msql[33m,[39mi[33m=[39m{values[33m:[39m[3
3mKe[39m(r[33m.[39mvalues)[33m,[39m__prisma
RawParameters__[33m:[39m[33m![39m[35m0[39m
}[33m;[39m[36mbreak[39m}[36mcase[39m[32m"
cockroachdb"[39m[33m:[39m[36mcase[39m[32m"
postgresql"[39m[33m:[39m[36mcase[39m[32m"p
ostgres"[39m[33m:[39m{n[33m=[39mr[33m.[39
mtext[33m,[39mi[33m=[39m{values[33m:[39m[
33mKe[39m(r[33m.[39mvalues)[33m,[39m__prism
aRawParameters__[33m:[39m[33m![39m[35m0[39
m}[33m;[39m[36mbreak[39m}[36mcase[39m[32m
"sqlserver"[39m[33m:[39m{n[33m=[39m[33mBa
[39m(r)[33m,[39mi[33m=[39m{values[33m:[39m
[33mKe[39m(r[33m.[39mvalues)[33m,[39m__pri
smaRawParameters__[33m:[39m[33m![39m[35m0[
39m}[33m;[39m[36mbreak[39m}[36mdefault[39m
[33m:[39m[36mthrow[39m [36mnew[39m 
[33mError[39m([32m`The ${t} provider does 
not support ${e}`[39m)}[36mreturn[39m i[33m?
[39m[33m.[39mvalues[33m?[39m[33mKa[39m([
32m`prisma.${e}(${n}, ${i.values})`[39m)[33m:
[39m[33mKa[39m([32m`prisma.${e}(${n})`[39m)
[33m,[39m{query[33m:[39mn[33m,[39mparameter
s[33m:[39mi}}[33m,[39m[33mZa[39m[33m=[39
m{requestArgsToMiddlewareArgs(e){[36mreturn[39
m[e[33m.[39mstrings[33m,[39m[33m...[39me[
33m.[39mvalues]}[33m,[39mmiddlewareArgsToRequ
estArgs(e){[36mlet[39m[t[33m,[39m[33m...[3
9mr][33m=[39me[33m;[39m[36mreturn[39m 
[36mnew[39m za[33m.[39m[33mSql[39m(t[33m,
[39mr)}}[33m,[39m[33mYa[39m[33m=[39m{requ
estArgsToMiddlewareArgs(e){[36mreturn[39m[e]}
[33m,[39mmiddlewareArgsToRequestArgs(e){[36mre
turn[39m 
e[[35m0[39m]}}[33m;[39m[36mfunction[39m 
ti(e){[36mreturn[39m 
[36mfunction[39m(r[33m,[39mn){[36mlet[39m 
i[33m,[39mo[33m=[39m(s[33m=[39me)[33m=>[
39m{[36mtry[39m{[36mreturn[39m 
s[33m===[39m[36mvoid[39m [35m0[39m[33m||
[39ms[33m?[39m[33m.[39mkind[33m===[39m[32
m"itx"[39m[33m?[39mi[33m?[39m[33m?[39m[3
3m=[39m[33mXa[39m(r(s))[33m:[39m[33mXa[39
m(r(s))}[36mcatch[39m(a){[36mreturn[39m [33
mPromise[39m[33m.[39mreject(a)}}[33m;[39m[
36mreturn[39m{[36mget[39m 
spec(){[36mreturn[39m n}[33m,[39mthen(s[33m
,[39ma){[36mreturn[39m o()[33m.[39mthen(s[
33m,[39ma)}[33m,[39m[36mcatch[39m(s){[36mr
eturn[39m o()[33m.[39m[36mcatch[39m(s)}[33
m,[39m[36mfinally[39m(s){[36mreturn[39m o()
[33m.[39m[36mfinally[39m(s)}[33m,[39mreque
stTransaction(s){[36mlet[39m 
a[33m=[39mo(s)[33m;[39m[36mreturn[39m a[3
3m.[39mrequestTransaction[33m?[39ma[33m.[39
mrequestTransaction(s)[33m:[39ma}[33m,[39m[
[33mSymbol[39m[33m.[39mtoStringTag][33m:[39
m[32m"PrismaPromise"[39m}}}[36mfunction[39m 
[33mXa[39m(e){[36mreturn[39m 
[36mtypeof[39m e[33m.[39mthen[33m==[39m[3
2m"function"[39m[33m?[39me[33m:[39m[33mPro
mise[39m[33m.[39mresolve(e)}[36mvar[39m el
[33m=[39m{name[33m:[39m[32m"@prisma/instrume
ntation-contract"[39m[33m,[39mversion[33m:[
39m[32m"7.3.0"[39m[33m,[39mdescription[33m:
[39m[32m"Shared types and utilities for 
Prisma instrumentation"[39m[33m,[39mmain[33m
:[39m[32m"dist/index.js"[39m[33m,[39mmodule
[33m:[39m[32m"dist/index.mjs"[39m[33m,[39m
types[33m:[39m[32m"dist/index.d.ts"[39m[33m
,[39mexports[33m:[39m{[32m"."[39m[33m:[39
m{require[33m:[39m{types[33m:[39m[32m"./dis
t/index.d.ts"[39m[33m,[39m[36mdefault[39m[
33m:[39m[32m"./dist/index.js"[39m}[33m,[39m
[36mimport[39m[33m:[39m{types[33m:[39m[32
m"./dist/index.d.mts"[39m[33m,[39m[36mdefaul
t[39m[33m:[39m[32m"./dist/index.mjs"[39m}}}
[33m,[39mlicense[33m:[39m[32m"Apache-2.0"[
39m[33m,[39mhomepage[33m:[39m[32m"https://w
ww.prisma.io"[39m[33m,[39mrepository[33m:[3
9m{type[33m:[39m[32m"git"[39m[33m,[39murl
[33m:[39m[32m"https://github.com/prisma/prisma
.git"[39m[33m,[39mdirectory[33m:[39m[32m"p
ackages/instrumentation-contract"[39m}[33m,[3
9mbugs[33m:[39m[32m"https://github.com/prisma
/prisma/issues"[39m[33m,[39mscripts[33m:[39
m{dev[33m:[39m[32m"DEV=true tsx helpers/build
.ts"[39m[33m,[39mbuild[33m:[39m[32m"tsx he
lpers/build.ts"[39m[33m,[39mprepublishOnly[3
3m:[39m[32m"pnpm run build"[39m[33m,[39mtes
t[33m:[39m[32m"vitest run"[39m}[33m,[39mfi
les[33m:[39m[[32m"dist"[39m][33m,[39msideE
ffects[33m:[39m[33m![39m[35m1[39m[33m,[3
9mdevDependencies[33m:[39m{[32m"@opentelemetr
y/api"[39m[33m:[39m[32m"1.9.0"[39m}[33m,[
39mpeerDependencies[33m:[39m{[32m"@openteleme
try/api"[39m[33m:[39m[32m"^1.8"[39m}}[33m;
[39m[36mvar[39m [33mRd[39m[33m=[39mel[33
m.[39mversion[33m.[39msplit([32m"."[39m)[[
35m0[39m][33m,[39mkd[33m=[39m[32m"PRISMA_I
NSTRUMENTATION"[39m[33m,[39m[33mOd[39m[33m
=[39m[32m`V${Rd}_PRISMA_INSTRUMENTATION`[39m
[33m,[39mtl[33m=[39mglobalThis[33m;[39m[36
mfunction[39m rl(){[36mlet[39m e[33m=[39mtl
[[33mOd[39m][33m;[39m[36mreturn[39m e[33m
?[39m[33m.[39mhelper[33m?[39me[33m.[39mhe
lper[33m:[39mtl[kd][33m?[39m[33m.[39mhelpe
r}[36mvar[39m [33mId[39m[33m=[39m{isEnable
d(){[36mreturn[39m[33m![39m[35m1[39m}[33m
,[39mgetTraceParent(){[36mreturn[39m[32m"00-
10-10-00"[39m}[33m,[39mdispatchEngineSpans(){
}[33m,[39mgetActiveContext(){}[33m,[39mrunIn
ChildSpan(e[33m,[39mt){[36mreturn[39m t()}}
[33m,[39mri[33m=[39m[36mclass[39m{isEnabled
(){[36mreturn[39m [36mthis[39m[33m.[39mget
TracingHelper()[33m.[39misEnabled()}getTracePa
rent(t){[36mreturn[39m [36mthis[39m[33m.[3
9mgetTracingHelper()[33m.[39mgetTraceParent(t)
}dispatchEngineSpans(t){[36mreturn[39m [36mth
is[39m[33m.[39mgetTracingHelper()[33m.[39md
ispatchEngineSpans(t)}getActiveContext(){[36mre
turn[39m [36mthis[39m[33m.[39mgetTracingHel
per()[33m.[39mgetActiveContext()}runInChildSpa
n(t[33m,[39mr){[36mreturn[39m [36mthis[39m
[33m.[39mgetTracingHelper()[33m.[39mrunInChi
ldSpan(t[33m,[39mr)}getTracingHelper(){[36mre
turn[39m rl()[33m?[39m[33m?[39m[33mId[39m
}}[33m;[39m[36mfunction[39m 
nl(){[36mreturn[39m [36mnew[39m 
ri}[36mfunction[39m il(e[33m,[39mt[33m=[39
m()[33m=>[39m{}){[36mlet[39m 
r[33m,[39mn[33m=[39m[36mnew[39m [33mPromi
se[39m(i[33m=>[39mr[33m=[39mi)[33m;[39m[
36mreturn[39m{then(i){[36mreturn[39m[33m--[
39me[33m===[39m[35m0[39m[33m&&[39mr(t())[
33m,[39mi[33m?[39m[33m.[39m(n)}}}[36mfunct
ion[39m ol(e){[36mreturn[39m 
[36mtypeof[39m e[33m==[39m[32m"string"[39m
[33m?[39me[33m:[39me[33m.[39mreduce((t[33
m,[39mr)[33m=>[39m{[36mlet[39m 
n[33m=[39m[36mtypeof[39m r[33m==[39m[32m"
string"[39m[33m?[39mr[33m:[39mr[33m.[39ml
evel[33m;[39m[36mreturn[39m n[33m===[39m[
32m"query"[39m[33m?[39mt[33m:[39mt[33m&&[
39m(r[33m===[39m[32m"info"[39m[33m||[39mt
[33m===[39m[32m"info"[39m)[33m?[39m[32m"in
fo"[39m[33m:[39mn}[33m,[39m[36mvoid[39m 
[35m0[39m)}[36mvar[39m ll[33m=[39mrequire(
[32m"@prisma/client-runtime-utils"[39m)[33m;
[39m[36mfunction[39m sl(e){[36mif[39m(e[33m
.[39maction[33m!==[39m[32m"findUnique"[39m
[33m&&[39me[33m.[39maction[33m!==[39m[32m"
findUniqueOrThrow"[39m)[36mreturn[39m[33m;[
39m[36mlet[39m 
t[33m=[39m[][33m;[39m[36mreturn[39m e[33m
.[39mmodelName[33m&&[39mt[33m.[39mpush(e[3
3m.[39mmodelName)[33m,[39me[33m.[39mquery[
33m.[39marguments[33m&&[39mt[33m.[39mpush(n
i(e[33m.[39mquery[33m.[39marguments))[33m,
[39mt[33m.[39mpush(ni(e[33m.[39mquery[33m.
[39mselection))[33m,[39mt[33m.[39mjoin([32m
""[39m)}[36mfunction[39m ni(e){[36mreturn[3
9m[32m`(${Object.keys(e).sort().map(r=>{let 
n=e[r];return typeof 
n=="object"&&n!==null?`(${r} 
${ni(n)})`:r}).join(" ")})`[39m}[36mvar[39m 
[33mFd[39m[33m=[39m{aggregate[33m:[39m[33m
![39m[35m1[39m[33m,[39maggregateRaw[33m:[
39m[33m![39m[35m1[39m[33m,[39mcreateMany[
33m:[39m[33m![39m[35m0[39m[33m,[39mcreate
ManyAndReturn[33m:[39m[33m![39m[35m0[39m[
33m,[39mcreateOne[33m:[39m[33m![39m[35m0[
39m[33m,[39mdeleteMany[33m:[39m[33m![39m[
35m0[39m[33m,[39mdeleteOne[33m:[39m[33m![
39m[35m0[39m[33m,[39mexecuteRaw[33m:[39m[
33m![39m[35m0[39m[33m,[39mfindFirst[33m:[
39m[33m![39m[35m1[39m[33m,[39mfindFirstOrT
hrow[33m:[39m[33m![39m[35m1[39m[33m,[39m
findMany[33m:[39m[33m![39m[35m1[39m[33m,
[39mfindRaw[33m:[39m[33m![39m[35m1[39m[33
m,[39mfindUnique[33m:[39m[33m![39m[35m1[3
9m[33m,[39mfindUniqueOrThrow[33m:[39m[33m!
[39m[35m1[39m[33m,[39mgroupBy[33m:[39m[33
m![39m[35m1[39m[33m,[39mqueryRaw[33m:[39m
[33m![39m[35m1[39m[33m,[39mrunCommandRaw[
33m:[39m[33m![39m[35m0[39m[33m,[39mupdate
Many[33m:[39m[33m![39m[35m0[39m[33m,[39m
updateManyAndReturn[33m:[39m[33m![39m[35m0
[39m[33m,[39mupdateOne[33m:[39m[33m![39m[
35m0[39m[33m,[39mupsertOne[33m:[39m[33m![
39m[35m0[39m}[33m;[39m[36mfunction[39m 
ii(e){[36mreturn[39m 
[33mFd[39m[e]}[36mvar[39m $r[33m=[39m[36m
class[39m{constructor(t){[36mthis[39m[33m.[
39moptions[33m=[39mt[33m;[39m[36mthis[39m
[33m.[39mbatches[33m=[39m{}}batches[33m;[39
mtickActive[33m=[39m[33m![39m[35m1[39m[33
m;[39mrequest(t){[36mlet[39m r[33m=[39m[36
mthis[39m[33m.[39moptions[33m.[39mbatchBy(t
)[33m;[39m[36mreturn[39m r[33m?[39m([36mt
his[39m[33m.[39mbatches[r][33m||[39m([36mt
his[39m[33m.[39mbatches[r][33m=[39m[][33m,
[39m[36mthis[39m[33m.[39mtickActive[33m||
[39m([36mthis[39m[33m.[39mtickActive[33m=[
39m[33m![39m[35m0[39m[33m,[39mprocess[33m
.[39mnextTick(()[33m=>[39m{[36mthis[39m[33
m.[39mdispatchBatches()[33m,[39m[36mthis[39
m[33m.[39mtickActive[33m=[39m[33m![39m[35
m1[39m})))[33m,[39m[36mnew[39m [33mPromise
[39m((n[33m,[39mi)[33m=>[39m{[36mthis[39m
[33m.[39mbatches[r][33m.[39mpush({request[3
3m:[39mt[33m,[39mresolve[33m:[39mn[33m,[3
9mreject[33m:[39mi})}))[33m:[39m[36mthis[3
9m[33m.[39moptions[33m.[39msingleLoader(t)}d
ispatchBatches(){[36mfor[39m([36mlet[39m t 
[36min[39m 
[36mthis[39m[33m.[39mbatches){[36mlet[39m 
r[33m=[39m[36mthis[39m[33m.[39mbatches[t]
[33m;[39m[36mdelete[39m [36mthis[39m[33m.
[39mbatches[t][33m,[39mr[33m.[39mlength[33m
===[39m[35m1[39m[33m?[39m[36mthis[39m[33
m.[39moptions[33m.[39msingleLoader(r[[35m0[
39m][33m.[39mrequest)[33m.[39mthen(n[33m=>
[39m{n [36minstanceof[39m [33mError[39m[33m
?[39mr[[35m0[39m][33m.[39mreject(n)[33m:[
39mr[[35m0[39m][33m.[39mresolve(n)})[33m.[
39m[36mcatch[39m(n[33m=>[39m{r[[35m0[39m]
[33m.[39mreject(n)})[33m:[39m(r[33m.[39msor
t((n[33m,[39mi)[33m=>[39m[36mthis[39m[33m
.[39moptions[33m.[39mbatchOrder(n[33m.[39mr
equest[33m,[39mi[33m.[39mrequest))[33m,[39
m[36mthis[39m[33m.[39moptions[33m.[39mbatc
hLoader(r[33m.[39mmap(n[33m=>[39mn[33m.[39
mrequest))[33m.[39mthen(n[33m=>[39m{[36mif
[39m(n [36minstanceof[39m 
[33mError[39m)[36mfor[39m([36mlet[39m i[3
3m=[39m[35m0[39m[33m;[39mi[33m<[39m[33mr
[39m[33m.[39mlength[33m;[39mi[33m++[39m)r
[i][33m.[39mreject(n)[33m;[39m[36melse[39m
 [36mfor[39m([36mlet[39m i[33m=[39m[35m0
[39m[33m;[39mi[33m<[39m[33mr[39m[33m.[39
mlength[33m;[39mi[33m++[39m){[36mlet[39m 
o[33m=[39mn[i][33m;[39mo 
[36minstanceof[39m [33mError[39m[33m?[39mr
[i][33m.[39mreject(o)[33m:[39mr[i][33m.[39
mresolve(o)}})[33m.[39m[36mcatch[39m(n[33m=
>[39m{[36mfor[39m([36mlet[39m i[33m=[39m
[35m0[39m[33m;[39mi[33m<[39m[33mr[39m[33
m.[39mlength[33m;[39mi[33m++[39m)r[i][33m.
[39mreject(n)}))}}[36mget[39m[[33mSymbol[39
m[33m.[39mtoStringTag](){[36mreturn[39m[32m
"DataLoader"[39m}}[33m;[39m[36mvar[39m al[
33m=[39mrequire([32m"@prisma/client-runtime-ut
ils"[39m)[33m;[39m[36mfunction[39m [33mPe
[39m(e[33m,[39mt){[36mif[39m(t[33m===[39m
[36mnull[39m)[36mreturn[39m t[33m;[39m[36m
switch[39m(e){[36mcase[39m[32m"bigint"[39m
[33m:[39m[36mreturn[39m [33mBigInt[39m(t)[
33m;[39m[36mcase[39m[32m"bytes"[39m[33m:[
39m{[36mlet[39m{buffer[33m:[39mr[33m,[39mb
yteOffset[33m:[39mn[33m,[39mbyteLength[33m:
[39mi}[33m=[39m[33mBuffer[39m[33m.[39m[3
6mfrom[39m(t[33m,[39m[32m"base64"[39m)[33m
;[39m[36mreturn[39m [36mnew[39m [33mUint8A
rray[39m(r[33m,[39mn[33m,[39mi)}[36mcase[
39m[32m"decimal"[39m[33m:[39m[36mreturn[39
m [36mnew[39m al[33m.[39m[33mDecimal[39m(t
)[33m;[39m[36mcase[39m[32m"datetime"[39m[
33m:[39m[36mcase[39m[32m"date"[39m[33m:[3
9m[36mreturn[39m [36mnew[39m [33mDate[39m(
t)[33m;[39m[36mcase[39m[32m"time"[39m[33m
:[39m[36mreturn[39m [36mnew[39m [33mDate[
39m([32m`1970-01-01T${t}Z`[39m)[33m;[39m[36
mcase[39m[32m"bigint-array"[39m[33m:[39m[3
6mreturn[39m t[33m.[39mmap(r[33m=>[39m[33m
Pe[39m([32m"bigint"[39m[33m,[39mr))[33m;[
39m[36mcase[39m[32m"bytes-array"[39m[33m:[
39m[36mreturn[39m t[33m.[39mmap(r[33m=>[39
m[33mPe[39m([32m"bytes"[39m[33m,[39mr))[3
3m;[39m[36mcase[39m[32m"decimal-array"[39m
[33m:[39m[36mreturn[39m t[33m.[39mmap(r[33
m=>[39m[33mPe[39m([32m"decimal"[39m[33m,[
39mr))[33m;[39m[36mcase[39m[32m"datetime-ar
ray"[39m[33m:[39m[36mreturn[39m t[33m.[39
mmap(r[33m=>[39m[33mPe[39m([32m"datetime"[
39m[33m,[39mr))[33m;[39m[36mcase[39m[32m"
date-array"[39m[33m:[39m[36mreturn[39m t[3
3m.[39mmap(r[33m=>[39m[33mPe[39m([32m"date
"[39m[33m,[39mr))[33m;[39m[36mcase[39m[3
2m"time-array"[39m[33m:[39m[36mreturn[39m t
[33m.[39mmap(r[33m=>[39m[33mPe[39m([32m"t
ime"[39m[33m,[39mr))[33m;[39m[36mdefault[
39m[33m:[39m[36mreturn[39m 
t}}[36mfunction[39m qr(e){[36mlet[39m t[33m
=[39m[][33m,[39mr[33m=[39m[33mMd[39m(e)[
33m;[39m[36mfor[39m([36mlet[39m n[33m=[39
m[35m0[39m[33m;[39mn[33m<[39m[33me[39m[
33m.[39mrows[33m.[39mlength[33m;[39mn[33m+
+[39m){[36mlet[39m i[33m=[39me[33m.[39mro
ws[n][33m,[39mo[33m=[39m{[33m...[39mr}[33
m;[39m[36mfor[39m([36mlet[39m s[33m=[39m
[35m0[39m[33m;[39ms[33m<[39m[33mi[39m[33
m.[39mlength[33m;[39ms[33m++[39m)o[e[33m.
[39mcolumns[s]][33m=[39m[33mPe[39m(e[33m.[
39mtypes[s][33m,[39mi[s])[33m;[39mt[33m.[3
9mpush(o)}[36mreturn[39m t}[36mfunction[39m 
[33mMd[39m(e){[36mlet[39m t[33m=[39m{}[33
m;[39m[36mfor[39m([36mlet[39m r[33m=[39m
[35m0[39m[33m;[39mr[33m<[39m[33me[39m[33
m.[39mcolumns[33m.[39mlength[33m;[39mr[33m
++[39m)t[e[33m.[39mcolumns[r]][33m=[39m[36
mnull[39m[33m;[39m[36mreturn[39m 
t}[36mvar[39m _d[33m=[39m[33mM[39m([32m"p
risma:client:request_handler"[39m)[33m,[39m[
33mVr[39m[33m=[39m[36mclass[39m{client[33m
;[39mdataloader[33m;[39mlogEmitter[33m;[39m
constructor(t[33m,[39mr){[36mthis[39m[33m.
[39mlogEmitter[33m=[39mr[33m,[39m[36mthis[
39m[33m.[39mclient[33m=[39mt[33m,[39m[36m
this[39m[33m.[39mdataloader[33m=[39m[36mne
w[39m $r({batchLoader[33m:[39m[33mUo[39m([
36masync[39m({requests[33m:[39mn[33m,[39mcu
stomDataProxyFetch[33m:[39mi})[33m=>[39m{[3
6mlet[39m{transaction[33m:[39mo[33m,[39mote
lParentCtx[33m:[39ms}[33m=[39mn[[35m0[39m]
[33m,[39ma[33m=[39mn[33m.[39mmap(p[33m=>
[39mp[33m.[39mprotocolQuery)[33m,[39ml[33m=
[39m[36mthis[39m[33m.[39mclient[33m.[39m_
tracingHelper[33m.[39mgetTraceParent(s)[33m,
[39mc[33m=[39mn[33m.[39msome(p[33m=>[39mii
(p[33m.[39mprotocolQuery[33m.[39maction))[3
3m;[39m[36mreturn[39m([36mawait[39m [36mth
is[39m[33m.[39mclient[33m.[39m_engine[33m.
[39mrequestBatch(a[33m,[39m{traceparent[33m:
[39ml[33m,[39mtransaction[33m:[39m[33mDd[
39m(o)[33m,[39mcontainsWrite[33m:[39mc[33m,
[39mcustomDataProxyFetch[33m:[39mi}))[33m.[
39mmap((p[33m,[39my)[33m=>[39m{[36mif[39m(
p [36minstanceof[39m 
[33mError[39m)[36mreturn[39m 
p[33m;[39m[36mtry[39m{[36mreturn[39m [36m
this[39m[33m.[39mmapQueryEngineResult(n[y][3
3m,[39mp)}[36mcatch[39m(h){[36mreturn[39m h
}})})[33m,[39msingleLoader[33m:[39m[36masyn
c[39m n[33m=>[39m{[36mlet[39m i[33m=[39mn
[33m.[39mtransaction[33m?[39m[33m.[39mkind
[33m===[39m[32m"itx"[39m[33m?[39mcl(n[33m
.[39mtransaction)[33m:[39m[36mvoid[39m [35
m0[39m[33m,[39mo[33m=[39m[36mawait[39m [
36mthis[39m[33m.[39mclient[33m.[39m_engine
[33m.[39mrequest(n[33m.[39mprotocolQuery[33m
,[39m{traceparent[33m:[39m[36mthis[39m[33m
.[39mclient[33m.[39m_tracingHelper[33m.[39m
getTraceParent()[33m,[39minteractiveTransactio
n[33m:[39mi[33m,[39misWrite[33m:[39mii(n[
33m.[39mprotocolQuery[33m.[39maction)[33m,[
39mcustomDataProxyFetch[33m:[39mn[33m.[39mcu
stomDataProxyFetch})[33m;[39m[36mreturn[39m 
[36mthis[39m[33m.[39mmapQueryEngineResult(n
[33m,[39mo)}[33m,[39mbatchBy[33m:[39mn[33m
=>[39mn[33m.[39mtransaction[33m?[39m[33m.
[39mid[33m?[39m[32m`transaction-${n.transacti
on.id}`[39m[33m:[39msl(n[33m.[39mprotocolQu
ery)[33m,[39mbatchOrder(n[33m,[39mi){[36mre
turn[39m n[33m.[39mtransaction[33m?[39m[33
m.[39mkind[33m===[39m[32m"batch"[39m[33m&&
[39mi[33m.[39mtransaction[33m?[39m[33m.[3
9mkind[33m===[39m[32m"batch"[39m[33m?[39mn
[33m.[39mtransaction[33m.[39mindex[33m-[39
mi[33m.[39mtransaction[33m.[39mindex[33m:[
39m[35m0[39m}})}[36masync[39m 
request(t){[36mtry[39m{[36mreturn[39m 
[36mawait[39m [36mthis[39m[33m.[39mdataloa
der[33m.[39mrequest(t)}[36mcatch[39m(r){[36
mlet[39m{clientMethod[33m:[39mn[33m,[39mcal
lsite[33m:[39mi[33m,[39mtransaction[33m:[3
9mo[33m,[39margs[33m:[39ms[33m,[39mmodelNa
me[33m:[39ma}[33m=[39mt[33m;[39m[36mthis
[39m[33m.[39mhandleAndLogRequestError({error[
33m:[39mr[33m,[39mclientMethod[33m:[39mn[3
3m,[39mcallsite[33m:[39mi[33m,[39mtransacti
on[33m:[39mo[33m,[39margs[33m:[39ms[33m,
[39mmodelName[33m:[39ma[33m,[39mglobalOmit[
33m:[39mt[33m.[39mglobalOmit})}}mapQueryEngin
eResult({dataPath[33m:[39mt[33m,[39munpacker
[33m:[39mr}[33m,[39mn){[36mlet[39m i[33m=
[39mn[33m?[39m[33m.[39mdata[33m,[39mo[33
m=[39m[36mthis[39m[33m.[39munpack(i[33m,[
39mt[33m,[39mr)[33m;[39m[36mreturn[39m pro
cess[33m.[39menv[33m.[39m[33mPRISMA_CLIENT_
GET_TIME[39m[33m?[39m{data[33m:[39mo}[33m:
[39mo}handleAndLogRequestError(t){[36mtry[39m
{[36mthis[39m[33m.[39mhandleRequestError(t)}
[36mcatch[39m(r){[36mthrow[39m [36mthis[39
m[33m.[39mlogEmitter[33m&&[39m[36mthis[39m
[33m.[39mlogEmitter[33m.[39memit([32m"error
"[39m[33m,[39m{message[33m:[39mr[33m.[39m
message[33m,[39mtarget[33m:[39mt[33m.[39mc
lientMethod[33m,[39mtimestamp[33m:[39m[36mn
ew[39m [33mDate[39m})[33m,[39mr}}handleRequ
estError({error[33m:[39mt[33m,[39mclientMeth
od[33m:[39mr[33m,[39mcallsite[33m:[39mn[3
3m,[39mtransaction[33m:[39mi[33m,[39margs[
33m:[39mo[33m,[39mmodelName[33m:[39ms[33m,
[39mglobalOmit[33m:[39ma}){[36mif[39m(_d(t)
[33m,[39m[33mNd[39m(t[33m,[39mi))[36mthro
w[39m t[33m;[39m[36mif[39m(t 
[36minstanceof[39m w[33m.[39m[33mPrismaClie
ntKnownRequestError[39m[33m&&[39m[33mLd[39m
(t)){[36mlet[39m c[33m=[39mul(t[33m.[39mme
ta)[33m;[39mrr({args[33m:[39mo[33m,[39merr
ors[33m:[39m[c][33m,[39mcallsite[33m:[39mn
[33m,[39merrorFormat[33m:[39m[36mthis[39m
[33m.[39mclient[33m.[39m_errorFormat[33m,[3
9moriginalMethod[33m:[39mr[33m,[39mclientVer
sion[33m:[39m[36mthis[39m[33m.[39mclient[
33m.[39m_clientVersion[33m,[39mglobalOmit[33
m:[39ma})}[36mlet[39m l[33m=[39mt[33m.[39
mmessage[33m;[39m[36mif[39m(n[33m&&[39m(l
[33m=[39m[33mGt[39m({callsite[33m:[39mn[33
m,[39moriginalMethod[33m:[39mr[33m,[39misPa
nic[33m:[39mt[33m.[39misPanic[33m,[39mshow
Colors[33m:[39m[36mthis[39m[33m.[39mclient
[33m.[39m_errorFormat[33m===[39m[32m"pretty
"[39m[33m,[39mmessage[33m:[39ml}))[33m,[3
9ml[33m=[39m[36mthis[39m[33m.[39msanitizeM
essage(l)[33m,[39mt[33m.[39mcode){[36mlet[
39m c[33m=[39ms[33m?[39m{modelName[33m:[39
ms[33m,[39m[33m...[39mt[33m.[39mmeta}[33m
:[39mt[33m.[39mmeta[33m;[39m[36mthrow[39m
 [36mnew[39m w[33m.[39m[33mPrismaClientKnow
nRequestError[39m(l[33m,[39m{code[33m:[39mt
[33m.[39mcode[33m,[39mclientVersion[33m:[3
9m[36mthis[39m[33m.[39mclient[33m.[39m_cli
entVersion[33m,[39mmeta[33m:[39mc[33m,[39m
batchRequestIdx[33m:[39mt[33m.[39mbatchReque
stIdx})}[36melse[39m{[36mif[39m(t[33m.[39m
isPanic)[36mthrow[39m [36mnew[39m w[33m.[3
9m[33mPrismaClientRustPanicError[39m(l[33m,[
39m[36mthis[39m[33m.[39mclient[33m.[39m_cl
ientVersion)[33m;[39m[36mif[39m(t 
[36minstanceof[39m w[33m.[39m[33mPrismaClie
ntUnknownRequestError[39m)[36mthrow[39m 
[36mnew[39m w[33m.[39m[33mPrismaClientUnkno
wnRequestError[39m(l[33m,[39m{clientVersion[
33m:[39m[36mthis[39m[33m.[39mclient[33m.[
39m_clientVersion[33m,[39mbatchRequestIdx[33m
:[39mt[33m.[39mbatchRequestIdx})[33m;[39m[
36mif[39m(t [36minstanceof[39m w[33m.[39m[
33mPrismaClientInitializationError[39m)[36mthr
ow[39m [36mnew[39m w[33m.[39m[33mPrismaCli
entInitializationError[39m(l[33m,[39m[36mthi
s[39m[33m.[39mclient[33m.[39m_clientVersion
)[33m;[39m[36mif[39m(t [36minstanceof[39m 
w[33m.[39m[33mPrismaClientRustPanicError[39m
)[36mthrow[39m [36mnew[39m w[33m.[39m[33m
PrismaClientRustPanicError[39m(l[33m,[39m[36
mthis[39m[33m.[39mclient[33m.[39m_clientVer
sion)}[36mthrow[39m t[33m.[39mclientVersion
[33m=[39m[36mthis[39m[33m.[39mclient[33m.
[39m_clientVersion[33m,[39mt}sanitizeMessage(t
){[36mreturn[39m [36mthis[39m[33m.[39mclie
nt[33m.[39m_errorFormat[33m&&[39m[36mthis[
39m[33m.[39mclient[33m.[39m_errorFormat[33m
!==[39m[32m"pretty"[39m[33m?[39m[33mSe[39
m(t)[33m:[39mt}unpack(t[33m,[39mr[33m,[39m
n){[36mif[39m([33m![39mt[33m||[39m(t[33m.
[39mdata[33m&&[39m(t[33m=[39mt[33m.[39mda
ta)[33m,[39m[33m![39mt))[36mreturn[39m 
t[33m;[39m[36mlet[39m i[33m=[39m[33mObjec
t[39m[33m.[39mkeys(t)[[35m0[39m][33m,[39m
o[33m=[39m[33mObject[39m[33m.[39mvalues(t)
[[35m0[39m][33m,[39ms[33m=[39mr[33m.[39m
filter(c[33m=>[39mc[33m!==[39m[32m"select"
[39m[33m&&[39mc[33m!==[39m[32m"include"[39
m)[33m,[39ma[33m=[39mpn(o[33m,[39ms)[33m,
[39ml[33m=[39mi[33m===[39m[32m"queryRaw"[
39m[33m?[39mqr(a)[33m:[39mce(a)[33m;[39m[
36mreturn[39m n[33m?[39mn(l)[33m:[39ml}[36
mget[39m[[33mSymbol[39m[33m.[39mtoStringTag
](){[36mreturn[39m[32m"RequestHandler"[39m}}
[33m;[39m[36mfunction[39m [33mDd[39m(e){[
36mif[39m(e){[36mif[39m(e[33m.[39mkind[33m
===[39m[32m"batch"[39m)[36mreturn[39m{kind
[33m:[39m[32m"batch"[39m[33m,[39moptions[3
3m:[39m{isolationLevel[33m:[39me[33m.[39mis
olationLevel}}[33m;[39m[36mif[39m(e[33m.[3
9mkind[33m===[39m[32m"itx"[39m)[36mreturn[
39m{kind[33m:[39m[32m"itx"[39m[33m,[39mopt
ions[33m:[39mcl(e)}[33m;[39mee(e[33m,[39m
[32m"Unknown transaction 
kind"[39m)}}[36mfunction[39m cl(e){[36mretur
n[39m{id[33m:[39me[33m.[39mid[33m,[39mpay
load[33m:[39me[33m.[39mpayload}}[36mfunctio
n[39m [33mNd[39m(e[33m,[39mt){[36mreturn[
39m([35m0[39m[33m,[39mll[33m.[39mhasBatchI
ndex)(e)[33m&&[39mt[33m?[39m[33m.[39mkind
[33m===[39m[32m"batch"[39m[33m&&[39me[33m.
[39mbatchRequestIdx[33m!==[39mt[33m.[39mind
ex}[36mfunction[39m 
[33mLd[39m(e){[36mreturn[39m e[33m.[39mcod
e[33m===[39m[32m"P2009"[39m[33m||[39me[33
m.[39mcode[33m===[39m[32m"P2012"[39m}[36mf
unction[39m ul(e){[36mif[39m(e[33m.[39mkind
[33m===[39m[32m"Union"[39m)[36mreturn[39m{
kind[33m:[39m[32m"Union"[39m[33m,[39merror
s[33m:[39me[33m.[39merrors[33m.[39mmap(ul)
}[33m;[39m[36mif[39m([33mArray[39m[33m.[
39misArray(e[33m.[39mselectionPath)){[36mlet
[39m[[33m,[39m[33m...[39mt][33m=[39me[33m
.[39mselectionPath[33m;[39m[36mreturn[39m{
[33m...[39me[33m,[39mselectionPath[33m:[39m
t}}[36mreturn[39m e}[36mvar[39m oi[33m=[39
m[33mIr[39m[33m;[39m[36mvar[39m gl[33m=[
39m[33mV[39m(tn())[33m;[39m[36mvar[39m 
[33mS[39m[33m=[39m[36mclass[39m 
[36mextends[39m [33mError[39m{constructor(t)
{[36msuper[39m(t[33m+[39m[32m`[39m
     [90m    |[39m                            
                                                
                                                
                                                
                                                
                                                
                                                
                                                
                                                
                                                
                                                
                                                
                                                
                                                
                                                
                                                
                                                
                                                
                                                
                                                
                                                
                                                
                                                
                                                
                                                
                                                
                                                
                                                
                                                
                                                
                                                
                                                
                                                
                                                
                                                
                                                
                                                
                                                
                                                
                                                
                                                
                                                
                                                
                                                
                                                
                                                
                                                
                                                
                                                
                                                
                                                
                                                
                                                
                                                
                                                
                                                
                                                
                                                
                                                
                                                
                                                
                                                
                                                
                                                
                                                
                                                
                                                
                                                
                                                
                                                
                                                
                                                
                                                
                                                
                                                
                                                
                                                
                                                
                                                
                                                
                                                
                                                
                                                
                                                
                                                
                                                
                                                
                                                
                                                
                                                
                                                
                                                
                                                
                                                
                                                
                                                
                                                
                                                
                                                
                                                
                                                
                                                
                                                
                                                
                                                
                                                
                                                
                                                
                                                
                                                
                                                
                                                
                                                
                                                
                                                
                                                
                                                
                                                
                                                
                                                
                                                
                                                
                                                
                                                
                                                
                                                
                                                
                                                
                                                
                                                
                                                
                                                
                                                
                                                
                                                
                                                
                                                
                                                
                                                
                                                
                                                
                                                
                                                
                                                
                                                
                                                
                                                
                                                
                                                
                                                
                                                
                                                
                                                
                                                
                                                
                                                
                                                
                                                
                                                
                                                
                                                
                                                
                                                
                                                
                                                
                                                
                                                
                                                
                                                
                                                
                                
[31m[1m^[22m[39m
     [90m 70 |[39m [32mRead more at https://p
ris.ly/d/client-constructor`[39m)[33m,[39m[3
6mthis[39m[33m.[39mname[33m=[39m[32m"Prism
aClientConstructorValidationError"[39m}[36mget
[39m[[33mSymbol[39m[33m.[39mtoStringTag](){
[36mreturn[39m[32m"PrismaClientConstructorVal
idationError"[39m}}[33m;[39mlt([33mS[39m[3
3m,[39m[32m"PrismaClientConstructorValidationE
rror"[39m)[33m;[39m[36mvar[39m pl[33m=[39
m[[32m"errorFormat"[39m[33m,[39m[32m"adapte
r"[39m[33m,[39m[32m"accelerateUrl"[39m[33m
,[39m[32m"log"[39m[33m,[39m[32m"transactio
nOptions"[39m[33m,[39m[32m"omit"[39m[33m,
[39m[32m"comments"[39m[33m,[39m[32m"__inter
nal"[39m][33m,[39mdl[33m=[39m[[32m"pretty"
[39m[33m,[39m[32m"colorless"[39m[33m,[39m
[32m"minimal"[39m][33m,[39mml[33m=[39m[[3
2m"info"[39m[33m,[39m[32m"query"[39m[33m,
[39m[32m"warn"[39m[33m,[39m[32m"error"[39m
][33m,[39m$d[33m=[39m{adapter[33m:[39m()[
33m=>[39m{}[33m,[39maccelerateUrl[33m:[39me
[33m=>[39m{[36mif[39m(e[33m!==[39m[36mvoi
d[39m 
[35m0[39m){[36mif[39m([36mtypeof[39m 
e[33m!=[39m[32m"string"[39m)[36mthrow[39m 
[36mnew[39m [33mS[39m([32m`Invalid value 
${JSON.stringify(e)} for "accelerateUrl" 
provided to PrismaClient constructor.`[39m)[33
m;[39m[36mif[39m(e[33m.[39mtrim()[33m.[39
mlength[33m===[39m[35m0[39m)[36mthrow[39m 
[36mnew[39m [33mS[39m([32m'"accelerateUrl" 
provided to PrismaClient constructor must be a 
non-empty string.'[39m)}}[33m,[39merrorFormat
[33m:[39me[33m=>[39m{[36mif[39m(e){[36mif
[39m([36mtypeof[39m 
e[33m!=[39m[32m"string"[39m)[36mthrow[39m 
[36mnew[39m [33mS[39m([32m`Invalid value 
${JSON.stringify(e)} for "errorFormat" provided 
to PrismaClient constructor.`[39m)[33m;[39m[
36mif[39m([33m![39mdl[33m.[39mincludes(e)){
[36mlet[39m t[33m=[39m[33mNt[39m(e[33m,[
39mdl)[33m;[39m[36mthrow[39m [36mnew[39m 
[33mS[39m([32m`Invalid errorFormat ${e} 
provided to PrismaClient constructor.${t}`[39m)
}}}[33m,[39mlog[33m:[39me[33m=>[39m{[36mi
f[39m([33m![39me)[36mreturn[39m[33m;[39m
[36mif[39m([33m![39m[33mArray[39m[33m.[39
misArray(e))[36mthrow[39m [36mnew[39m 
[33mS[39m([32m`Invalid value 
${JSON.stringify(e)} for "log" provided to 
PrismaClient constructor.`[39m)[33m;[39m[36m
function[39m 
t(r){[36mif[39m([36mtypeof[39m r[33m==[39m
[32m"string"[39m[33m&&[39m[33m![39mml[33m
.[39mincludes(r)){[36mlet[39m n[33m=[39m[3
3mNt[39m(r[33m,[39mml)[33m;[39m[36mthrow[
39m [36mnew[39m [33mS[39m([32m`Invalid log 
level "${r}" provided to PrismaClient constructo
r.${n}`[39m)}}[36mfor[39m([36mlet[39m r 
[36mof[39m e){t(r)[33m;[39m[36mlet[39m n[
33m=[39m{level[33m:[39mt[33m,[39memit[33m:
[39mi[33m=>[39m{[36mlet[39m o[33m=[39m[[
32m"stdout"[39m[33m,[39m[32m"event"[39m][3
3m;[39m[36mif[39m([33m![39mo[33m.[39mincl
udes(i)){[36mlet[39m s[33m=[39m[33mNt[39m(
i[33m,[39mo)[33m;[39m[36mthrow[39m 
[36mnew[39m [33mS[39m([32m`Invalid value 
${JSON.stringify(i)} for "emit" in logLevel 
provided to PrismaClient constructor.${s}`[39m)
}}}[33m;[39m[36mif[39m(r[33m&&[39m[36mtyp
eof[39m r[33m==[39m[32m"object"[39m)[36mfo
r[39m([36mlet[39m[i[33m,[39mo][36mof[39m 
[33mObject[39m[33m.[39mentries(r))[36mif[3
9m(n[i])n[i](o)[33m;[39m[36melse[39m 
[36mthrow[39m [36mnew[39m 
[33mS[39m([32m`Invalid property ${i} for 
"log" provided to PrismaClient constructor`[39m
)}}[33m,[39mtransactionOptions[33m:[39me[33
m=>[39m{[36mif[39m([33m![39me)[36mreturn[
39m[33m;[39m[36mlet[39m t[33m=[39me[33m.
[39mmaxWait[33m;[39m[36mif[39m(t[33m!=[39m
[36mnull[39m[33m&&[39mt[33m<=[39m[35m0[3
9m)[36mthrow[39m [36mnew[39m 
[33mS[39m([32m`Invalid value ${t} for 
maxWait in "transactionOptions" provided to 
PrismaClient constructor. maxWait needs to be 
greater than 0`[39m)[33m;[39m[36mlet[39m r
[33m=[39me[33m.[39mtimeout[33m;[39m[36mif
[39m(r[33m!=[39m[36mnull[39m[33m&&[39mr[3
3m<=[39m[35m0[39m)[36mthrow[39m 
[36mnew[39m [33mS[39m([32m`Invalid value 
${r} for timeout in "transactionOptions" 
provided to PrismaClient constructor. timeout 
needs to be greater than 0`[39m)}[33m,[39momi
t[33m:[39m(e[33m,[39mt)[33m=>[39m{[36mif
[39m([36mtypeof[39m 
e[33m!=[39m[32m"object"[39m)[36mthrow[39m 
[36mnew[39m [33mS[39m([32m'"omit" option 
is expected to be an object.'[39m)[33m;[39m[
36mif[39m(e[33m===[39m[36mnull[39m)[36mthr
ow[39m [36mnew[39m [33mS[39m([32m'"omit" 
option can not be 
`null`'[39m)[33m;[39m[36mlet[39m r[33m=[3
9m[][33m;[39m[36mfor[39m([36mlet[39m[n[33
m,[39mi][36mof[39m [33mObject[39m[33m.[39
mentries(e)){[36mlet[39m o[33m=[39m[33mUd[
39m(n[33m,[39mt[33m.[39mruntimeDataModel)[3
3m;[39m[36mif[39m([33m![39mo){r[33m.[39mp
ush({kind[33m:[39m[32m"UnknownModel"[39m[33
m,[39mmodelKey[33m:[39mn})[33m;[39m[36mcon
tinue[39m}[36mfor[39m([36mlet[39m[s[33m,[
39ma][36mof[39m [33mObject[39m[33m.[39ment
ries(i)){[36mlet[39m l[33m=[39mo[33m.[39mf
ields[33m.[39mfind(c[33m=>[39mc[33m.[39mna
me[33m===[39ms)[33m;[39m[36mif[39m([33m!
[39ml){r[33m.[39mpush({kind[33m:[39m[32m"Un
knownField"[39m[33m,[39mmodelKey[33m:[39mn
[33m,[39mfieldName[33m:[39ms})[33m;[39m[36
mcontinue[39m}[36mif[39m(l[33m.[39mrelation
Name){r[33m.[39mpush({kind[33m:[39m[32m"Rel
ationInOmit"[39m[33m,[39mmodelKey[33m:[39mn
[33m,[39mfieldName[33m:[39ms})[33m;[39m[3
6mcontinue[39m}[36mtypeof[39m a[33m!=[39m[
32m"boolean"[39m[33m&&[39mr[33m.[39mpush({k
ind[33m:[39m[32m"InvalidFieldValue"[39m[33m
,[39mmodelKey[33m:[39mn[33m,[39mfieldName[
33m:[39ms})}}[36mif[39m(r[33m.[39mlength[3
3m>[39m[35m0[39m)[36mthrow[39m 
[36mnew[39m [33mS[39m(jd(e[33m,[39mr))}[3
3m,[39mcomments[33m:[39me[33m=>[39m{[36mif
[39m(e[33m!==[39m[36mvoid[39m [35m0[39m){
[36mif[39m([33m![39m[33mArray[39m[33m.[3
9misArray(e))[36mthrow[39m [36mnew[39m 
[33mS[39m([32m`Invalid value 
${JSON.stringify(e)} for "comments" provided to 
PrismaClient constructor. Expected an array of 
SQL commenter plugins.`[39m)[33m;[39m[36mfor
[39m([36mlet[39m t[33m=[39m[35m0[39m[33m
;[39mt[33m<[39m[33me[39m[33m.[39mlength[
33m;[39mt[33m++[39m)[36mif[39m([36mtypeof
[39m e[t][33m!=[39m[32m"function"[39m)[36mt
hrow[39m [36mnew[39m 
[33mS[39m([32m`Invalid value at index ${t} 
for "comments" provided to PrismaClient 
constructor. Each plugin must be a function.`[3
9m)}}[33m,[39m__internal[33m:[39me[33m=>[3
9m{[36mif[39m([33m![39me)[36mreturn[39m[3
3m;[39m[36mlet[39m t[33m=[39m[[32m"debug"
[39m[33m,[39m[32m"engine"[39m[33m,[39m[32
m"configOverride"[39m][33m;[39m[36mif[39m(
[36mtypeof[39m 
e[33m!=[39m[32m"object"[39m)[36mthrow[39m 
[36mnew[39m [33mS[39m([32m`Invalid value 
${JSON.stringify(e)} for "__internal" to 
PrismaClient constructor`[39m)[33m;[39m[36mf
or[39m([36mlet[39m[r][36mof[39m [33mObject
[39m[33m.[39mentries(e))[36mif[39m([33m![
39mt[33m.[39mincludes(r)){[36mlet[39m n[33m
=[39m[33mNt[39m(r[33m,[39mt)[33m;[39m[36
mthrow[39m [36mnew[39m 
[33mS[39m([32m`Invalid property 
${JSON.stringify(r)} for "__internal" provided 
to PrismaClient constructor.${n}`[39m)}}}[33m;
[39m[36mfunction[39m qd(e){[36mlet[39m t[3
3m=[39me[33m.[39madapter[33m!==[39m[36mvoi
d[39m [35m0[39m[33m,[39mr[33m=[39me[33m.
[39maccelerateUrl[33m!==[39m[36mvoid[39m [
35m0[39m[33m;[39m[36mif[39m(t[33m&&[39mr)
[36mthrow[39m [36mnew[39m 
[33mS[39m([32m'The "adapter" and 
"accelerateUrl" options are mutually exclusive. 
Please provide only one of them.'[39m)[33m;[3
9m[36mif[39m([33m![39mt[33m&&[39m[33m![3
9mr)[36mthrow[39m [36mnew[39m 
[33mS[39m([32m'Using engine type "client" 
requires either "adapter" or "accelerateUrl" to 
be provided to PrismaClient 
constructor.'[39m)}[36mfunction[39m yl(e[33m
,[39mt){[36mfor[39m([36mlet[39m[r[33m,[39
mn][36mof[39m [33mObject[39m[33m.[39mentri
es(e)){[36mif[39m([33m![39mpl[33m.[39mincl
udes(r)){[36mlet[39m i[33m=[39m[33mNt[39m(
r[33m,[39mpl)[33m;[39m[36mthrow[39m 
[36mnew[39m [33mS[39m([32m`Unknown 
property ${r} provided to PrismaClient construct
or.${i}`[39m)}$d[r](n[33m,[39mt)}qd(e)}[36mf
unction[39m [33mNt[39m(e[33m,[39mt){[36mif
[39m(t[33m.[39mlength[33m===[39m[35m0[39m
[33m||[39m[36mtypeof[39m e[33m!=[39m[32m"
string"[39m)[36mreturn[39m[32m""[39m[33m;
[39m[36mlet[39m r[33m=[39m[33mVd[39m(e[33
m,[39mt)[33m;[39m[36mreturn[39m 
r[33m?[39m[32m` Did you mean "${r}"?`[39m[3
3m:[39m[32m""[39m}[36mfunction[39m [33mVd
[39m(e[33m,[39mt){[36mif[39m(t[33m.[39mlen
gth[33m===[39m[35m0[39m)[36mreturn[39m 
[36mnull[39m[33m;[39m[36mlet[39m r[33m=[
39mt[33m.[39mmap(i[33m=>[39m({value[33m:[3
9mi[33m,[39mdistance[33m:[39m([35m0[39m[3
3m,[39mgl[33m.[39m[36mdefault[39m)(e[33m,
[39mi)}))[33m;[39mr[33m.[39msort((i[33m,[3
9mo)[33m=>[39mi[33m.[39mdistance[33m<[39m
[33mo[39m[33m.[39mdistance[33m?[39m[33m-[
39m[35m1[39m[33m:[39m[35m1[39m)[33m;[39m
[36mlet[39m n[33m=[39mr[[35m0[39m][33m;[
39m[36mreturn[39m n[33m.[39mdistance[33m<[
39m[35m3[39m[33m?[39mn[33m.[39mvalue[33m:
[39m[36mnull[39m}[36mfunction[39m 
[33mUd[39m(e[33m,[39mt){[36mreturn[39m fl(
t[33m.[39mmodels[33m,[39me)[33m?[39m[33m?
[39mfl(t[33m.[39mtypes[33m,[39me)}[36mfunc
tion[39m fl(e[33m,[39mt){[36mlet[39m r[33m
=[39m[33mObject[39m[33m.[39mkeys(e)[33m.[
39mfind(n[33m=>[39moe(n)[33m===[39mt)[33m;
[39m[36mif[39m(r)[36mreturn[39m 
e[r]}[36mfunction[39m 
jd(e[33m,[39mt){[36mlet[39m r[33m=[39m[33
mNe[39m(e)[33m;[39m[36mfor[39m([36mlet[39
m o [36mof[39m t)[36mswitch[39m(o[33m.[39m
kind){[36mcase[39m[32m"UnknownModel"[39m[33
m:[39mr[33m.[39marguments[33m.[39mgetField(
o[33m.[39mmodelKey)[33m?[39m[33m.[39mmarkA
sError()[33m,[39mr[33m.[39maddErrorMessage((
)[33m=>[39m[32m`Unknown model name: ${o.model
Key}.`[39m)[33m;[39m[36mbreak[39m[33m;[39
m[36mcase[39m[32m"UnknownField"[39m[33m:[3
9mr[33m.[39marguments[33m.[39mgetDeepField([
o[33m.[39mmodelKey[33m,[39mo[33m.[39mfield
Name])[33m?[39m[33m.[39mmarkAsError()[33m,
[39mr[33m.[39maddErrorMessage(()[33m=>[39m[
32m`Model "${o.modelKey}" does not have a field 
named "${o.fieldName}".`[39m)[33m;[39m[36mbr
eak[39m[33m;[39m[36mcase[39m[32m"RelationI
nOmit"[39m[33m:[39mr[33m.[39marguments[33m
.[39mgetDeepField([o[33m.[39mmodelKey[33m,[
39mo[33m.[39mfieldName])[33m?[39m[33m.[39m
markAsError()[33m,[39mr[33m.[39maddErrorMess
age(()[33m=>[39m[32m'Relations are already 
excluded by default and can not be specified in 
"omit".'[39m)[33m;[39m[36mbreak[39m[33m;[
39m[36mcase[39m[32m"InvalidFieldValue"[39m[
33m:[39mr[33m.[39marguments[33m.[39mgetDeep
FieldValue([o[33m.[39mmodelKey[33m,[39mo[33
m.[39mfieldName])[33m?[39m[33m.[39mmarkAsEr
ror()[33m,[39mr[33m.[39maddErrorMessage(()[
33m=>[39m[32m"Omit field option value must be 
a boolean."[39m)[33m;[39m[36mbreak[39m}[36
mlet[39m{message[33m:[39mn[33m,[39margs[33
m:[39mi}[33m=[39mtr(r[33m,[39m[32m"colorle
ss"[39m)[33m;[39m[36mreturn[39m[32m`Error 
validating "omit" option:[39m
     [90m 71 |[39m [32m[39m
     [90m 72 |[39m [32m${i}[39m[0m

      at Vr.handleRequestError 
(src/generated/prisma/runtime/client.js:69:8172)
      at Vr.handleAndLogRequestError 
(src/generated/prisma/runtime/client.js:69:7467)
      at Vr.request 
(src/generated/prisma/runtime/client.js:69:7174)
      at a 
(src/generated/prisma/runtime/client.js:79:5816)
      at Object.save (src/modules/routine/reposi
tories/routine.repository.ts:8:25)
      at createRoutineService (src/modules/routi
ne/services/routine.service.ts:11:12)
      at Object.create (src/modules/routine/serv
ices/task.service.ts:15:25)
      at Object.<anonymous> (src/tests/integrati
on/services/create.task.test.ts:19:22)

Test Suites: 1 failed, 1 total
Tests:       1 failed, 1 total
Snapshots:   0 total
Time:        1.663 s
Ran all test suites matching src/tests/integrati
on/services/create.task.test.ts.
